// Jest Snapshot v1, https://goo.gl/fbAQLP

exports[`MobileMenu should render Mobile menu 1`] = `
<div
  className="undefined flex flex-col font-raleway md:hidden lg:hidden xl:hidden border px-8 pt-6 pb-8 mr-6 z-50"
>
  <div>
    <a
      href="/login"
      onClick={[Function]}
    >
      <div>
        <div>
          <button
            className="bg-primary hover:bg-hover text-white text-md rounded-xl my-2 px-8 py-3 rounded-xl py-2 text-base md:text-sm px-5"
            type="submit"
          >
            For operators
          </button>
        </div>
      </div>
    </a>
  </div>
  <a
    href="/tracking-page"
    onClick={[Function]}
  >
    <div>
      <button
        className="border border-primary bg-background hover:bg-hover2 text-primary rounded-xl mt-2 mb-4 px-11 py-3 rounded-xl py-2 text-base md:text-sm px-5"
        type="submit"
      >
        Track Bus
      </button>
    </div>
  </a>
  <div>
    <select
      className="bg-background border outline-none md:ml-6 lg:ml-6 xl:ml-6 mt-5 flex py-2 px-4 text-sm hover:font-bold"
    >
      <option
        className=" border-none bg-background w-full cursor-pointer"
      >
        English
      </option>
      <option
        className=" border-none bg-background w-full cursor-pointer"
      >
        French
      </option>
      <option
        className=" border-none bg-background cursor-pointer"
      >
        Kinyarwanda
      </option>
    </select>
  </div>
</div>
`;
