// Jest Snapshot v1, https://goo.gl/fbAQLP

exports[`Form Component Should render a form Componet 1`] = `
<div
  className="font-sans antialiased bg-grey-lightest"
>
  <div
    className="w-full bg-grey-lightest "
  >
    <div
      className="py-8  md:flex"
    >
      <div
        className="mr-2 hidden lg:block md:w-1/2"
      >
        <img
          alt=" Bus IMG"
          className=" h-50  w-full max-w-lg md:w-70 md:w-full lg:mx-auto lg:h-full"
          src="busMap.png"
        />
      </div>
      <div
        className="block bg-white rounded  p-2 w-full lg:max-w-3xl shadow-lg min-h-[70vh] mr-4"
      >
        <div
          className="py-4 px-8 text-black font-bold lg:px-4 md:px-4 "
        >
          <h1
            className="text-center  text-2xl  font-rale font-bold md:ml-0 md:text-left"
          >
             
          </h1>
        </div>
        <form
          id="form"
          onSubmit={[Function]}
        >
          <div
            className="py-4 px-4  w-full  lg:mx-auto "
          >
            <div
              className="flex justify-center align"
            >
              <div>
                <button
                  className="undefined bg-blue-500 hover:bg-blue-600 text-white font-bold py-2 px-4 rounded-xl m-2 "
                  type="submit"
                />
              </div>
            </div>
          </div>
        </form>
      </div>
    </div>
  </div>
</div>
`;
