// Jest Snapshot v1, https://goo.gl/fbAQLP

exports[`Account should render Account 1`] = `
<div>
  <main
    className="flex flex-row"
  >
    <aside
      className="bg-gray-400 w-3/10 py-20 px-3"
    >
      <ul>
        <li
          className="py-1 px-2 bg-green-200 font-bold my-1 rounded-md cursor-pointer"
        >
          Dashboard
        </li>
        <li
          className="py-1 px-2 bg-green-200 font-bold my-1 rounded-md cursor-pointer"
        >
          Profile
        </li>
        <li
          className="py-1 px-2 bg-primary font-bold my-1 rounded-md cursor-pointer"
        >
          Notifications
        </li>
      </ul>
      <button
        className="py-1 px-3 bg-red-500 font-bold rounded-md cursor-pointer mt-10"
        onClick={[Function]}
      >
        Logout
      </button>
    </aside>
    <section
      className="w-7/10 bg-blue flex items-center justify-center  w-full"
    >
      <h1
        className="font-bold"
      >
        This is the notification board for logged in user
      </h1>
      <a
        className="m-2"
        href="/register-driver"
        onClick={[Function]}
      >
        Register Driver
      </a>
      <a
        className="m-2"
        href="/register-operator"
        onClick={[Function]}
      >
        Register Operator
      </a>
    </section>
  </main>
</div>
`;
