// Jest Snapshot v1, https://goo.gl/fbAQLP

exports[`Account should render the account page 1`] = `
<div>
  <div
    className="h-full"
  >
    <main
      className="flex flex-row h-full"
    >
      <aside
        className="bg-gray-400 w-3/10 py-20 px-3"
      >
        <ul>
          <a
            href="/account"
            onClick={[Function]}
          >
            <li
              className="py-1 px-2 bg-green-200 font-bold my-1 rounded-md cursor-pointer"
            >
              Dashboard
            </li>
          </a>
          <li
            className="py-1 px-2 bg-green-200 font-bold my-1 rounded-md cursor-pointer"
          >
            Profile
          </li>
          <li
            className="py-1 px-2 bg-primary font-bold my-1 rounded-md cursor-pointer"
          >
            Notifications
          </li>
        </ul>
        <button
          className="py-1 px-3 bg-red-500 font-bold rounded-md cursor-pointer mt-10"
          onClick={[Function]}
        >
          Logout
        </button>
      </aside>
      <section
        className="w-7/10 bg-blue flex items-center justify-center  w-full flex-col"
      >
        <h1
          className="font-bold"
        >
          This is the notification board for logged in user
        </h1>
        <a
          className="m-2 py-1 px-3 bg-primary rounded-md"
          href="/dashboard/driver/register"
          onClick={[Function]}
        >
          Register Driver
        </a>
        <a
          className="m-2 py-1 px-3 bg-gray-500 rounded-md"
          href="/dashboard/operator/register"
          onClick={[Function]}
        >
          Register Operator
        </a>
      </section>
    </main>
  </div>
</div>
`;
