// Jest Snapshot v1, https://goo.gl/fbAQLP

exports[`Modal Routes should render the ModalRoutes component 1`] = `
<div
  className="fixed top-0 left-0 right-0 bottom-0 bg-gray-400 bg-opacity-40 flex justify-center items-center overflow-hidden"
>
  <div
    className="h-fit w-fit overflow-auto rounded-md shadow-main"
  />
</div>
`;
