// Jest Snapshot v1, https://goo.gl/fbAQLP

exports[`Intro should render Intro 1`] = `
<div
  className="flex flex-col items-center lg:flex-row xl:flex-row"
>
  <div>
    <h1
      className="flex flex-col text-3xl md:text-5xl xl:text-5xl font-raleway font-extrabold mx-12 xl:mx-28 mt-12 xl:mt-32"
    >
      <span>
        Track bus location,
      </span>
      <span
        className="ml-4 md:ml-10"
      >
        Save your time.
      </span>
    </h1>
    <p
      className="flex flex-col text-sm md:text-xl xl:text-base mx-20 md:ml-40 xl:ml-52 mt-10"
    >
      <span>
        Check the location of the buses
      </span>
      <span
        className="ml-4"
      >
        on their respective routes
      </span>
    </p>
    <div>
      <button
        className="bg-primary hover:bg-hover text-white rounded-3xl mt-12 px-12 xl:px-12 py-2 ml-28 md:ml-52 xl:ml-64 rounded-xl py-3 px-5"
        type="button"
      >
        Start
      </button>
    </div>
  </div>
  <div
    className="w-full px-20 lg:w-80 xl:w-96 lg:ml-auto xl:ml-auto lg:mr-36 xl:mr-36 lg:px-0 xl:px-0 mt-28"
  >
    <img
      alt="Bus"
      src=""
    />
  </div>
</div>
`;
