// Jest Snapshot v1, https://goo.gl/fbAQLP

exports[`LanguageButton should render LanguageButton 1`] = `
<div>
  <button
    className="undefined md:mt-8 lg:mt-8 xl:mt-8 flex py-2 px-4 text-lg hover:font-bold"
    onClick={[Function]}
    type="button"
  >
    <h1>
      English
    </h1>
    <img
      alt="dropdown"
      className="w-3 mt-3 ml-2 h-2"
      src="dropdown.png"
    />
  </button>
</div>
`;
