// Jest Snapshot v1, https://goo.gl/fbAQLP

exports[`LanguageDropdown should render Language Dropdown 1`] = `
<ul
  className="z-10"
>
  <li
    className="undefined bg-background w-full cursor-pointer hover:font-bold"
  >
    French
  </li>
  <li
    className="undefined top-64 pt-5 lg:pt-3 xl:pt-3 md:top-28 lg:top-28 xl:top-28 bg-background cursor-pointer hover:font-bold"
  >
    Kinyarwanda
  </li>
</ul>
`;
