// Jest Snapshot v1, https://goo.gl/fbAQLP

exports[`MobileMenu should render Mobile menu 1`] = `
<div
  className="undefined flex flex-col font-raleway md:hidden lg:hidden xl:hidden border px-4 py-2 mr-6 z-50"
>
  <a
    href="/login"
    onClick={[Function]}
  >
    <div>
      <button
        className="bg-primary hover:bg-hover text-white rounded-xl mt-2 px-3 py-2 rounded-xl py-3 px-5"
        type="button"
      >
        For operators
      </button>
    </div>
  </a>
  <div>
    <button
      className="border border-primary bg-background hover:bg-hover2 text-primary rounded-xl mt-2 px-6 py-2 rounded-xl py-3 px-5"
      type="button"
    >
      Track Bus
    </button>
  </div>
  <div>
    <button
      className="undefined md:mt-8 lg:mt-8 xl:mt-8 flex py-2 px-4 text-lg hover:font-bold"
      onClick={[Function]}
      type="button"
    >
      <h1>
        English
      </h1>
      <img
        alt="dropdown"
        className="w-3 mt-3 ml-2 h-2"
        src="dropdown.png"
      />
    </button>
  </div>
</div>
`;
