// Jest Snapshot v1, https://goo.gl/fbAQLP

exports[`Registration Should render the driver form 1`] = `
<h1
  className="text-black"
>
  Drivers
</h1>
`;

exports[`Registration Should render the operator form 1`] = `
<div
  className="flex flex-row h-full w-full items-center justify-center"
>
  <h1
    className="text-3xl font-bold"
  >
    The operators page
  </h1>
</div>
`;
